16:08:13 **** Incremental Build of configuration Debug for project SmallTest ****
make -j8 all 
arm-none-eabi-gcc "../Core/Src/main.c" -mcpu=cortex-m3 -std=gnu11 -g3 -DDEBUG -DUSE_HAL_DRIVER -DSTM32F103xB -c -I../Core/Inc -I../Drivers/STM32F1xx_HAL_Driver/Inc -I../Drivers/STM32F1xx_HAL_Driver/Inc/Legacy -I../Drivers/CMSIS/Device/ST/STM32F1xx/Include -I../Drivers/CMSIS/Include -O0 -ffunction-sections -fdata-sections -Wall -fstack-usage -MMD -MP -MF"Core/Src/main.d" -MT"Core/Src/main.o" --specs=nano.specs -mfloat-abi=soft -mthumb -o "Core/Src/main.o"
arm-none-eabi-gcc -o "SmallTest.elf" @"objects.list"   -mcpu=cortex-m3 -T"C:\ST\workspace_1.8.0\SmallTest\STM32F103C8TX_FLASH.ld" --specs=nosys.specs -Wl,-Map="SmallTest.map" -Wl,--gc-sections -static --specs=nano.specs -mfloat-abi=soft -mthumb -Wl,--start-group -lc -lm -Wl,--end-group
Finished building target: SmallTest.elf
 
arm-none-eabi-size   SmallTest.elf 
arm-none-eabi-objdump -h -S  SmallTest.elf  > "SmallTest.list"
   text	   data	    bss	    dec	    hex	filename
   5704	     20	   1644	   7368	   1cc8	SmallTest.elf
arm-none-eabi-objcopy  -O binary  SmallTest.elf  "SmallTest.bin"
Finished building: default.size.stdout
 
Finished building: SmallTest.bin
Finished building: SmallTest.list
 
 
