12:04:45 **** Incremental Build of configuration Debug for project Led_blink ****
make -j8 all 
arm-none-eabi-gcc "../Core/Src/main.c" -mcpu=cortex-m4 -std=gnu11 -g3 -DDEBUG -DUSE_HAL_DRIVER -DSTM32F407xx -c -I../Core/Inc -I../Drivers/STM32F4xx_HAL_Driver/Inc -I../Drivers/STM32F4xx_HAL_Driver/Inc/Legacy -I../Drivers/CMSIS/Device/ST/STM32F4xx/Include -I../Drivers/CMSIS/Include -I../USB_DEVICE/App -I../USB_DEVICE/Target -I../Middlewares/ST/STM32_USB_Device_Library/Core/Inc -I../Middlewares/ST/STM32_USB_Device_Library/Class/CDC/Inc -O0 -ffunction-sections -fdata-sections -Wall -fstack-usage -MMD -MP -MF"Core/Src/main.d" -MT"Core/Src/main.o" --specs=nano.specs -mfpu=fpv4-sp-d16 -mfloat-abi=hard -mthumb -o "Core/Src/main.o"
arm-none-eabi-gcc -o "Led_blink.elf" @"objects.list"   -mcpu=cortex-m4 -T"C:\ST\workspace_1.8.0\Led_blink\STM32F407VGTX_FLASH.ld" --specs=nosys.specs -Wl,-Map="Led_blink.map" -Wl,--gc-sections -static --specs=nano.specs -mfpu=fpv4-sp-d16 -mfloat-abi=hard -mthumb -Wl,--start-group -lc -lm -Wl,--end-group
Finished building target: Led_blink.elf
 
arm-none-eabi-size   Led_blink.elf 
arm-none-eabi-objdump -h -S  Led_blink.elf  > "Led_blink.list"
arm-none-eabi-objcopy  -O binary  Led_blink.elf  "Led_blink.bin"
   text	   data	    bss	    dec	    hex	filename
  31312	    392	   8720	  40424	   9de8	Led_blink.elf
Finished building: default.size.stdout
 
Finished building: Led_blink.bin
 
Finished building: Led_blink.list
 

12:04:46 Build Finished. 0 errors, 0 warnings. (took 1s.398ms)

